**** 1 ****
32406,35011;
M1: idle1_M1,0,3;	o1_39,3,17;	o1_2,20,7;	o2_13,27,2;	o1_4,29,15;	o1_16,44,27;	o1_42,71,18;	o1_11,89,8;	o2_37,97,1;	o2_10,98,17;	o1_15,115,16;	o2_45,131,10;	o2_1,141,22;	o1_9,163,23;	o2_17,186,1;	o1_27,187,32;	o1_20,219,39;	o1_43,258,30;	o2_24,288,19;	o1_34,307,44;	idle2_M1,351,1;	maint2_M1,352,43;	idle3_M1,395,1;	maint11_M1,396,43;	o1_38,439,20;	o2_44,459,13;	o2_7,472,13;	o2_21,485,36;	o2_8,521,47;	o2_12,568,29;	o1_0,597,48;	maint0_M1,645,14;	o2_47,659,10;	idle4_M1,669,1;	maint5_M1,670,5;	o1_33,675,13;	o2_48,688,9;	o2_49,697,13;	o2_31,710,13;	maint9_M1,723,15;	o1_32,738,14;	o1_6,752,29;	o2_22,781,22;	o2_26,803,22;	o1_18,825,32;	idle5_M1,857,2;	maint8_M1,859,45;	idle6_M1,904,6;	maint4_M1,910,44;	o2_41,954,18;	o1_36,972,28;	o2_46,1000,24;	o2_3,1024,33;	idle7_M1,1057,10;	maint3_M1,1067,25;	idle8_M1,1092,14;	maint6_M1,1106,43;	o2_23,1149,30;	o2_5,1179,26;	o2_35,1205,46;	idle9_M1,1251,5;	maint7_M1,1256,11;	o2_28,1267,45;	idle10_M1,1312,22;	maint1_M1,1334,17;	idle11_M1,1351,35;	maint10_M1,1386,24;	o2_19,1410,37;	o1_30,1447,40;	o2_29,1487,45;	o2_14,1532,42;	o1_40,1574,49;	o2_25,1623,47;	 
M2: idle1_M2,0,5;	o1_13,5,10;	o1_47,15,18;	idle2_M2,33,12;	o1_37,45,7;	o1_10,52,4;	o1_45,56,17;	o1_1,73,28;	o1_17,101,33;	o1_21,134,18;	o1_8,152,20;	o1_7,172,42;	o1_24,214,34;	idle3_M2,248,10;	o2_20,258,13;	o1_49,271,23;	o1_19,294,15;	o1_14,309,7;	o1_29,316,39;	o1_3,355,36;	o1_44,391,46;	o1_5,437,18;	o2_27,455,13;	o2_34,468,29;	o1_48,497,39;	o1_12,536,20;	o2_43,556,21;	o2_39,577,29;	o1_22,606,10;	o1_31,616,39;	o1_35,655,38;	o2_42,693,12;	o1_26,705,36;	o2_2,741,27;	o2_38,768,17;	o1_23,785,28;	o1_41,813,38;	o1_46,851,45;	o2_9,896,20;	o1_28,916,41;	o1_25,957,33;	o2_6,990,4;	o2_32,994,37;	o2_4,1031,36;	o2_15,1067,18;	o2_11,1085,22;	o2_0,1107,1;	o2_18,1108,48;	o2_36,1156,38;	o2_33,1194,36;	o2_16,1230,10;	idle4_M2,1240,247;	o2_30,1487,11;	idle5_M2,1498,125;	o2_40,1623,7;	 
12,329; 
0,0; 
11,100; 
5,399; 

**** 1 ****
33306,36073;
M1: idle1_M1,0,3;	o1_39,3,17;	o2_13,20,2;	o1_2,22,7;	o1_4,29,15;	o1_11,44,8;	o1_33,52,13;	o1_16,65,27;	o2_37,92,1;	o2_44,93,13;	o1_32,106,14;	o2_17,120,1;	o1_15,121,16;	o1_38,137,20;	o1_6,157,29;	o1_18,186,32;	o1_20,218,39;	o1_30,257,40;	o1_40,297,49;	idle2_M1,346,6;	maint2_M1,352,43;	idle3_M1,395,1;	maint11_M1,396,43;	o2_7,439,13;	o2_41,452,18;	o1_9,470,23;	o2_5,493,26;	o1_27,519,32;	o2_29,551,45;	o1_34,596,44;	idle4_M1,640,5;	maint0_M1,645,14;	o2_47,659,10;	idle5_M1,669,1;	maint5_M1,670,5;	o1_42,675,18;	o2_23,693,30;	maint9_M1,723,15;	o2_48,738,9;	o2_45,747,10;	o2_31,757,13;	o2_22,770,22;	o2_3,792,33;	o1_43,825,30;	idle6_M1,855,4;	maint8_M1,859,45;	idle7_M1,904,6;	maint4_M1,910,44;	o2_49,954,13;	o2_10,967,17;	o2_1,984,22;	o2_26,1006,22;	o2_21,1028,36;	idle8_M1,1064,3;	maint3_M1,1067,25;	idle9_M1,1092,14;	maint6_M1,1106,43;	o2_24,1149,19;	o1_36,1168,28;	o2_14,1196,42;	idle10_M1,1238,18;	maint7_M1,1256,11;	o2_46,1267,24;	o2_19,1291,37;	idle11_M1,1328,6;	maint1_M1,1334,17;	o2_12,1351,29;	idle12_M1,1380,6;	maint10_M1,1386,24;	o2_28,1410,45;	o2_35,1455,46;	o2_8,1501,47;	o2_25,1548,47;	o1_0,1595,48;	 
M2: idle1_M2,0,5;	o1_13,5,10;	o1_47,15,18;	o1_44,33,46;	o1_37,79,7;	o1_17,86,33;	o2_4,119,36;	o1_25,155,33;	o1_23,188,28;	o1_29,216,39;	o1_8,255,20;	o1_1,275,28;	o1_7,303,42;	o2_6,345,4;	o1_5,349,18;	o1_41,367,38;	o2_2,405,27;	o2_40,432,7;	o1_14,439,7;	o1_22,446,10;	o1_26,456,36;	o2_16,492,10;	o2_30,502,11;	o1_21,513,18;	o1_28,531,41;	o2_20,572,13;	o2_15,585,18;	o1_12,603,20;	o1_45,623,17;	o1_31,640,39;	o1_48,679,39;	o2_34,718,29;	o1_3,747,36;	o2_32,783,37;	o2_11,820,22;	o1_49,842,23;	o2_9,865,20;	o1_35,885,38;	o2_38,923,17;	o1_10,940,4;	o1_19,944,15;	o2_43,959,21;	o2_33,980,36;	o2_42,1016,12;	o1_24,1028,34;	o2_27,1062,13;	o2_18,1075,48;	o2_39,1123,29;	o1_46,1152,45;	o2_36,1197,38;	idle2_M2,1235,408;	o2_0,1643,1;	 
12,329; 
0,0; 
12,73; 
2,413; 

