**** 10 ****
31029,35448;
M1: idle1_M1,0,7;	o1_19,7,17;	o2_16,24,8;	idle2_M1,32,1;	o1_12,33,1;	o1_34,34,5;	o1_25,39,7;	o1_3,46,16;	o1_0,62,3;	o1_11,65,2;	idle3_M1,67,1;	o1_48,68,1;	o1_17,69,8;	idle4_M1,77,2;	maint5_M1,79,16;	o2_22,95,7;	o1_30,102,48;	o2_23,150,2;	o2_49,152,4;	idle5_M1,156,4;	maint3_M1,160,43;	o1_47,203,24;	idle6_M1,227,3;	maint6_M1,230,47;	o2_28,277,8;	o2_21,285,12;	o2_46,297,16;	o1_42,313,17;	o2_38,330,20;	o1_24,350,31;	o1_26,381,46;	idle7_M1,427,4;	maint0_M1,431,32;	o2_1,463,9;	o2_5,472,11;	idle8_M1,483,3;	maint11_M1,486,39;	o2_27,525,5;	o2_14,530,16;	o1_15,546,24;	o1_29,570,25;	o1_40,595,25;	o1_4,620,33;	o2_31,653,34;	o2_20,687,35;	idle9_M1,722,9;	maint8_M1,731,29;	o2_41,760,24;	idle10_M1,784,1;	maint10_M1,785,41;	o2_32,826,19;	o2_13,845,20;	o2_6,865,40;	idle11_M1,905,9;	maint4_M1,914,43;	idle12_M1,957,6;	maint9_M1,963,10;	o2_36,973,30;	o2_44,1003,30;	o1_8,1033,31;	o2_45,1064,32;	o2_35,1096,36;	o2_37,1132,36;	idle13_M1,1168,9;	maint7_M1,1177,28;	o1_2,1205,46;	idle14_M1,1251,1;	maint1_M1,1252,46;	idle15_M1,1298,4;	maint2_M1,1302,15;	o2_7,1317,26;	o1_43,1343,40;	o2_10,1383,42;	o2_33,1425,45;	o2_18,1470,48;	o1_39,1518,48;	o1_9,1566,49;	 
M2: idle1_M2,0,12;	o1_16,12,2;	o1_41,14,6;	o1_6,20,15;	o1_14,35,18;	o1_37,53,17;	idle2_M2,70,4;	o1_22,74,16;	idle3_M2,90,5;	o1_23,95,20;	o1_20,115,11;	o1_49,126,20;	o1_28,146,15;	o1_10,161,11;	o1_46,172,21;	o1_21,193,35;	o1_18,228,15;	o1_5,243,49;	o1_38,292,23;	o1_1,315,19;	o1_13,334,16;	o2_11,350,30;	o1_45,380,28;	o1_27,408,43;	o1_7,451,49;	o1_36,500,24;	o2_0,524,26;	o2_26,550,8;	o1_31,558,31;	o2_30,589,24;	o1_35,613,35;	o2_47,648,33;	o2_12,681,43;	o1_32,724,36;	o2_34,760,49;	o2_24,809,10;	o2_25,819,19;	o2_15,838,4;	o2_19,842,25;	o2_29,867,41;	o1_44,908,40;	o2_48,948,46;	o2_4,994,1;	o1_33,995,28;	o2_17,1023,49;	o2_42,1072,29;	o2_40,1101,49;	o2_3,1150,38;	o2_8,1188,1;	idle4_M2,1189,62;	o2_2,1251,18;	idle5_M2,1269,114;	o2_43,1383,46;	idle6_M2,1429,137;	o2_39,1566,7;	idle7_M2,1573,42;	o2_9,1615,48;	 
12,389; 
0,0; 
15,64; 
7,376; 

