**** 2 ****
36241,39385;
M1: idle1_M1,0,2;	o1_21,2,13;	o1_25,15,17;	o1_8,32,8;	o2_19,40,2;	o1_0,42,2;	o1_36,44,15;	o1_45,59,19;	o1_48,78,37;	o2_49,115,3;	o2_5,118,2;	o1_7,120,6;	o1_42,126,22;	o1_22,148,27;	idle2_M1,175,4;	maint8_M1,179,49;	o1_15,228,34;	o1_20,262,34;	o1_9,296,40;	o1_1,336,45;	idle3_M1,381,3;	maint2_M1,384,48;	o2_18,432,14;	maint7_M1,446,16;	idle4_M1,462,5;	maint10_M1,467,11;	o1_26,478,13;	o1_27,491,23;	o2_33,514,25;	o1_38,539,30;	o1_30,569,44;	o1_13,613,45;	idle5_M1,658,5;	maint5_M1,663,17;	idle6_M1,680,4;	maint9_M1,684,3;	o2_40,687,38;	idle7_M1,725,2;	maint11_M1,727,27;	o2_23,754,13;	o1_24,767,14;	o2_11,781,18;	o1_28,799,20;	o2_41,819,29;	maint0_M1,848,4;	o1_14,852,21;	o2_10,873,25;	o2_2,898,26;	o1_3,924,31;	o2_6,955,30;	o2_31,985,32;	o2_47,1017,36;	o2_4,1053,43;	o1_37,1096,42;	o2_32,1138,44;	idle8_M1,1182,10;	maint3_M1,1192,23;	o2_34,1215,45;	maint4_M1,1260,16;	o2_12,1276,36;	o1_39,1312,45;	o1_44,1357,45;	idle9_M1,1402,32;	maint1_M1,1434,28;	o1_46,1462,49;	idle10_M1,1511,6;	maint6_M1,1517,20;	o2_43,1537,38;	o2_35,1575,44;	o2_29,1619,44;	o2_17,1663,46;	o2_16,1709,47;	 
M2: idle1_M2,0,4;	o1_19,4,36;	o1_18,40,7;	o1_5,47,49;	o1_49,96,17;	o1_2,113,21;	o1_32,134,14;	o1_6,148,43;	o1_40,191,28;	o1_11,219,7;	o2_42,226,12;	o1_31,238,35;	o2_36,273,47;	o2_20,320,6;	o1_34,326,19;	o1_12,345,9;	o1_33,354,39;	o1_4,393,28;	o1_41,421,23;	o1_23,444,34;	o2_9,478,32;	o2_45,510,12;	o2_15,522,48;	o2_22,570,10;	o2_1,580,32;	o1_10,612,39;	o1_43,651,46;	o1_47,697,24;	o2_30,721,7;	o1_35,728,40;	o2_25,768,48;	o2_0,816,46;	o1_29,862,30;	o2_21,892,44;	o2_27,936,9;	o1_17,945,46;	o2_13,991,29;	o2_28,1020,37;	o2_8,1057,44;	o2_14,1101,35;	o2_3,1136,44;	o2_24,1180,25;	o1_16,1205,49;	o2_38,1254,38;	o2_26,1292,48;	o2_7,1340,26;	o2_48,1366,48;	o2_37,1414,40;	o2_44,1454,43;	o2_39,1497,5;	idle2_M2,1502,9;	o2_46,1511,15;	 
12,262; 
0,0; 
10,73; 
2,13; 

