**** 3 ****
29281,33014;
M1: o1_10,0,7;	o1_26,7,8;	o1_18,15,5;	idle1_M1,20,5;	o1_49,25,3;	o2_44,28,14;	o1_6,42,4;	o1_19,46,25;	o1_15,71,7;	o1_28,78,13;	o1_45,91,13;	o1_1,104,4;	o1_37,108,30;	o2_41,138,3;	o1_24,141,32;	o1_36,173,30;	o1_25,203,34;	o1_46,237,42;	o2_32,279,45;	idle2_M1,324,2;	maint0_M1,326,38;	o2_31,364,6;	o2_20,370,9;	o1_47,379,13;	o1_4,392,14;	o2_17,406,15;	o1_3,421,22;	o1_39,443,27;	idle3_M1,470,3;	maint7_M1,473,30;	o2_5,503,13;	o2_30,516,20;	o2_42,536,21;	o1_2,557,22;	o1_8,579,26;	o1_9,605,39;	o1_40,644,43;	idle4_M1,687,3;	maint1_M1,690,9;	o1_22,699,34;	o1_7,733,44;	o2_27,777,44;	idle5_M1,821,7;	maint8_M1,828,13;	o2_35,841,34;	o1_29,875,43;	maint4_M1,918,19;	o2_12,937,8;	o2_43,945,28;	o1_21,973,33;	o2_33,1006,41;	idle6_M1,1047,2;	maint2_M1,1049,13;	o2_0,1062,44;	o1_11,1106,49;	idle7_M1,1155,2;	maint9_M1,1157,2;	o2_48,1159,37;	o2_14,1196,46;	o2_34,1242,47;	idle8_M1,1289,25;	maint11_M1,1314,8;	o1_16,1322,36;	idle9_M1,1358,3;	maint3_M1,1361,24;	o2_23,1385,46;	idle10_M1,1431,8;	maint6_M1,1439,19;	idle11_M1,1458,38;	maint5_M1,1496,40;	idle12_M1,1536,9;	maint10_M1,1545,36;	o2_13,1581,44;	o2_38,1625,49;	 
M2: idle1_M2,0,10;	o1_30,10,5;	idle2_M2,15,2;	o1_44,17,10;	o1_35,27,6;	o2_26,33,5;	o1_32,38,29;	o1_20,67,12;	o2_49,79,9;	o1_41,88,48;	o1_42,136,10;	o1_31,146,12;	o2_18,158,15;	o2_1,173,5;	o1_23,178,29;	o2_24,207,6;	o1_17,213,29;	o1_5,242,47;	o2_37,289,22;	o2_19,311,33;	o2_46,344,5;	o2_25,349,5;	o2_15,354,9;	o2_10,363,18;	o1_0,381,35;	o1_34,416,25;	o1_38,441,41;	o2_36,482,34;	o1_48,516,47;	o2_45,563,8;	o1_14,571,49;	o1_27,620,39;	o2_28,659,48;	o1_43,707,41;	o2_6,748,38;	o2_8,786,34;	o1_12,820,48;	o2_3,868,7;	o1_33,875,45;	o2_47,920,27;	o2_29,947,22;	o2_22,969,24;	o2_9,993,12;	o2_4,1005,44;	o2_7,1049,40;	o1_13,1089,45;	idle3_M2,1134,21;	o2_11,1155,42;	o2_39,1197,41;	o2_21,1238,37;	o2_2,1275,4;	o2_40,1279,45;	idle4_M2,1324,34;	o2_16,1358,26;	 
12,251; 
0,0; 
12,107; 
4,67; 

