**** 4 ****
32245,35435;
M1: idle1_M1,0,17;	o1_14,17,1;	o1_34,18,19;	o2_17,37,10;	maint0_M1,47,17;	o1_41,64,28;	o2_30,92,4;	idle2_M1,96,3;	maint9_M1,99,17;	o1_25,116,24;	o1_10,140,27;	maint11_M1,167,13;	o2_36,180,3;	o1_16,183,8;	o1_18,191,8;	o1_48,199,11;	o1_42,210,11;	o1_2,221,17;	o2_8,238,1;	o2_47,239,14;	o1_12,253,20;	o1_22,273,33;	o1_1,306,42;	maint6_M1,348,12;	o2_9,360,7;	o1_0,367,15;	o1_38,382,24;	o1_32,406,28;	o2_29,434,27;	o1_5,461,34;	maint2_M1,495,49;	o1_49,544,11;	o1_27,555,30;	o1_28,585,27;	maint10_M1,612,20;	o1_19,632,26;	o1_6,658,30;	o1_11,688,37;	o1_35,725,36;	o1_37,761,45;	idle3_M1,806,10;	maint3_M1,816,10;	o1_45,826,19;	o2_43,845,21;	o1_13,866,27;	o1_23,893,30;	o1_21,923,46;	o1_20,969,44;	o2_33,1013,13;	o1_26,1026,32;	idle4_M1,1058,1;	maint7_M1,1059,10;	o2_39,1069,26;	o1_40,1095,45;	o1_15,1140,42;	idle5_M1,1182,28;	maint5_M1,1210,17;	o2_44,1227,32;	o1_7,1259,45;	idle6_M1,1304,2;	maint1_M1,1306,20;	idle7_M1,1326,15;	maint4_M1,1341,30;	idle8_M1,1371,16;	maint8_M1,1387,15;	o2_24,1402,22;	o2_3,1424,34;	o2_46,1458,35;	o2_31,1493,39;	o2_4,1532,40;	 
M2: idle1_M2,0,11;	o1_17,11,9;	o1_29,20,46;	o1_30,66,22;	o1_47,88,11;	o1_4,99,10;	o1_46,109,25;	o1_36,134,24;	o1_33,158,23;	o2_25,181,17;	o1_8,198,40;	o2_42,238,1;	o2_2,239,12;	o1_31,251,26;	o1_44,277,41;	o2_22,318,11;	o1_9,329,28;	o1_43,357,39;	o2_18,396,37;	o2_38,433,13;	o2_32,446,13;	o2_14,459,31;	o2_34,490,26;	o2_5,516,26;	o1_39,542,33;	o1_24,575,35;	o2_27,610,16;	o2_48,626,47;	o2_12,673,44;	o1_3,717,46;	o2_11,763,13;	o2_35,776,3;	o2_1,779,45;	o2_37,824,26;	o2_41,850,36;	o2_45,886,18;	o2_13,904,12;	o2_28,916,30;	o2_0,946,34;	o2_23,980,22;	o2_21,1002,15;	o2_20,1017,23;	o2_49,1040,32;	o2_6,1072,37;	o2_10,1109,41;	o2_19,1150,39;	o2_40,1189,29;	o2_16,1218,46;	o2_15,1264,40;	o2_7,1304,27;	o2_26,1331,49;	 
12,230; 
0,0; 
8,92; 
1,11; 

