**** 5 ****
37937,43445;
M1: idle1_M1,0,5;	o1_6,5,27;	o1_36,32,6;	o1_33,38,9;	o2_40,47,5;	o1_35,52,9;	o1_23,61,17;	o1_32,78,15;	o1_29,93,5;	o2_38,98,2;	o1_19,100,30;	o1_47,130,34;	o2_17,164,5;	maint10_M1,169,49;	o1_41,218,25;	o1_43,243,26;	o1_31,269,33;	idle2_M1,302,7;	maint1_M1,309,34;	o1_2,343,27;	maint2_M1,370,46;	o2_8,416,12;	o2_26,428,21;	o1_9,449,23;	maint8_M1,472,48;	o2_42,520,12;	o2_4,532,12;	o2_15,544,13;	o2_44,557,16;	o2_16,573,17;	o1_11,590,29;	o1_45,619,35;	o1_14,654,35;	o1_5,689,35;	idle3_M1,724,1;	maint0_M1,725,32;	o2_12,757,10;	o2_37,767,29;	o1_3,796,29;	o2_34,825,31;	o2_1,856,32;	maint7_M1,888,40;	o2_7,928,39;	idle4_M1,967,1;	maint3_M1,968,37;	idle5_M1,1005,19;	maint4_M1,1024,18;	idle6_M1,1042,6;	maint5_M1,1048,34;	o1_27,1082,33;	maint9_M1,1115,35;	idle7_M1,1150,1;	maint6_M1,1151,32;	o2_13,1183,32;	o2_20,1215,32;	o1_49,1247,39;	o2_10,1286,40;	o2_18,1326,41;	o2_39,1367,42;	o1_46,1409,42;	o1_0,1451,42;	o2_30,1493,44;	o2_22,1537,45;	o1_21,1582,49;	idle8_M1,1631,31;	maint11_M1,1662,2;	o2_24,1664,43;	o2_28,1707,43;	o2_25,1750,48;	o1_48,1798,49;	 
M2: idle1_M2,0,14;	o1_40,14,22;	o1_22,36,4;	o1_25,40,10;	o1_38,50,44;	o1_17,94,41;	o1_24,135,25;	o1_4,160,41;	o1_42,201,18;	o1_26,219,19;	o1_37,238,32;	o1_8,270,46;	o1_30,316,9;	o1_44,325,14;	o1_7,339,7;	o1_15,346,40;	o1_34,386,21;	o1_10,407,30;	o2_32,437,10;	o2_41,447,11;	o2_35,458,5;	o1_16,463,40;	o1_1,503,17;	o1_18,520,16;	o2_23,536,3;	o1_12,539,40;	o2_33,579,49;	o1_39,628,41;	o1_13,669,19;	o1_20,688,13;	o2_2,701,20;	o2_43,721,3;	o2_6,724,30;	o2_31,754,49;	o2_29,803,18;	o2_9,821,22;	o1_28,843,35;	o2_5,878,35;	o2_36,913,28;	o2_14,941,8;	o2_45,949,3;	o2_19,952,26;	o2_47,978,6;	o2_11,984,39;	o2_3,1023,10;	idle2_M2,1033,82;	o2_27,1115,9;	idle3_M2,1124,162;	o2_49,1286,24;	idle4_M2,1310,321;	o2_21,1631,33;	o2_46,1664,11;	idle5_M2,1675,172;	o2_48,1847,47;	o2_0,1894,49;	 
12,407; 
0,0; 
8,71; 
5,751; 

