**** 6 ****
32488,35042;
M1: o1_34,0,13;	o1_30,13,22;	o1_36,35,8;	o1_4,43,24;	o2_28,67,4;	o1_18,71,40;	o1_40,111,12;	o1_46,123,45;	o2_27,168,3;	o2_33,171,4;	idle1_M1,175,1;	maint3_M1,176,21;	o2_42,197,1;	o1_1,198,11;	o1_19,209,11;	o1_35,220,19;	idle2_M1,239,2;	o2_14,241,2;	o1_20,243,19;	o2_3,262,21;	idle3_M1,283,1;	o2_12,284,4;	o1_15,288,31;	o1_2,319,26;	idle4_M1,345,6;	maint8_M1,351,38;	o2_47,389,22;	o2_13,411,47;	idle5_M1,458,8;	maint4_M1,466,21;	o2_11,487,11;	o2_17,498,18;	idle6_M1,516,2;	maint2_M1,518,11;	o2_8,529,16;	o1_0,545,39;	idle7_M1,584,4;	maint11_M1,588,28;	o1_7,616,28;	o2_29,644,41;	idle8_M1,685,2;	maint10_M1,687,17;	o2_26,704,5;	o1_44,709,20;	o2_9,729,23;	o2_41,752,26;	o2_37,778,32;	o2_49,810,31;	o2_10,841,35;	o1_16,876,37;	o1_22,913,38;	o2_38,951,40;	o2_43,991,40;	o2_23,1031,42;	o1_45,1073,46;	o2_32,1119,45;	idle9_M1,1164,2;	maint5_M1,1166,13;	idle10_M1,1179,3;	maint1_M1,1182,30;	o2_6,1212,16;	idle11_M1,1228,1;	maint0_M1,1229,32;	o1_24,1261,38;	maint7_M1,1299,45;	o2_48,1344,33;	o1_21,1377,43;	idle12_M1,1420,1;	maint6_M1,1421,44;	idle13_M1,1465,11;	maint9_M1,1476,46;	o2_31,1522,39;	o2_25,1561,40;	o2_5,1601,45;	o1_39,1646,49;	 
M2: o1_3,0,10;	o1_28,10,46;	o1_37,56,48;	o1_33,104,49;	o1_27,153,13;	o1_42,166,31;	o1_14,197,44;	o1_17,241,7;	o1_12,248,36;	o1_11,284,35;	o1_29,319,9;	o1_49,328,1;	o1_47,329,27;	o1_13,356,13;	o1_48,369,16;	o2_36,385,14;	o2_20,399,28;	o1_41,427,37;	o1_8,464,7;	o1_23,471,2;	o2_15,473,9;	o2_19,482,7;	o1_6,489,14;	o1_9,503,19;	o1_32,522,8;	o1_26,530,39;	o2_40,569,33;	o1_25,602,27;	o2_34,629,36;	o2_18,665,40;	o1_43,705,30;	o1_38,735,19;	o1_10,754,31;	o2_46,785,41;	o2_30,826,6;	o2_4,832,46;	o2_7,878,5;	o2_1,883,15;	o2_2,898,47;	o1_5,945,22;	o2_0,967,34;	o2_35,1001,34;	o2_44,1035,22;	o1_31,1057,12;	o2_16,1069,1;	o2_22,1070,6;	idle1_M2,1076,43;	o2_45,1119,35;	idle2_M2,1154,145;	o2_24,1299,27;	idle3_M2,1326,94;	o2_21,1420,47;	idle4_M2,1467,228;	o2_39,1695,16;	 
12,346; 
0,0; 
13,44; 
4,510; 

