**** 7 ****
27415,30092;
M1: idle1_M1,0,6;	o1_18,6,19;	o1_47,25,2;	o1_32,27,4;	o1_20,31,8;	o1_38,39,1;	idle2_M1,40,1;	maint11_M1,41,1;	o1_8,42,8;	o2_39,50,15;	o1_1,65,13;	o1_48,78,13;	o1_14,91,14;	o2_21,105,1;	o2_49,106,15;	o1_30,121,19;	o1_13,140,25;	o1_4,165,30;	o1_15,195,33;	o1_23,228,37;	idle3_M1,265,2;	maint3_M1,267,49;	o2_25,316,30;	o1_40,346,32;	maint1_M1,378,3;	o2_36,381,3;	o1_9,384,3;	o2_26,387,8;	o2_43,395,9;	o2_33,404,10;	o1_16,414,23;	o1_24,437,35;	maint0_M1,472,27;	idle4_M1,499,1;	maint6_M1,500,2;	o1_22,502,14;	idle5_M1,516,2;	maint10_M1,518,37;	o1_3,555,10;	o2_2,565,10;	o2_44,575,12;	o1_7,587,15;	o2_42,602,20;	o2_11,622,28;	idle6_M1,650,3;	maint8_M1,653,13;	o1_41,666,18;	o1_31,684,22;	o2_29,706,28;	o2_19,734,28;	o1_45,762,34;	idle7_M1,796,6;	maint5_M1,802,38;	o1_17,840,33;	idle8_M1,873,7;	maint2_M1,880,35;	idle9_M1,915,14;	maint4_M1,929,46;	o2_37,975,21;	maint7_M1,996,36;	o1_0,1032,25;	o2_27,1057,25;	o2_35,1082,36;	o1_10,1118,48;	maint9_M1,1166,40;	o2_28,1206,24;	o2_5,1230,33;	o2_46,1263,36;	o2_34,1299,36;	o2_12,1335,46;	o2_6,1381,47;	 
M2: idle1_M2,0,7;	o1_25,7,14;	o1_39,21,29;	o1_42,50,5;	o2_8,55,2;	o2_18,57,3;	idle2_M2,60,5;	o1_43,65,18;	idle3_M2,83,7;	o1_21,90,3;	o1_5,93,4;	o1_49,97,8;	o1_6,105,11;	o1_33,116,17;	o2_1,133,13;	o1_34,146,37;	o2_32,183,13;	o1_36,196,28;	o1_28,224,36;	o1_35,260,38;	o1_11,298,47;	o1_26,345,6;	o1_27,351,6;	o2_13,357,16;	o2_38,373,5;	o2_14,378,8;	o1_44,386,1;	o1_19,387,28;	o1_29,415,33;	o1_2,448,47;	o1_46,495,48;	o2_40,543,43;	o2_47,586,35;	o2_22,621,37;	o2_4,658,16;	o1_12,674,30;	o2_20,704,39;	o2_15,743,21;	o2_24,764,45;	o2_16,809,34;	o1_37,843,30;	o2_3,873,30;	o2_9,903,47;	o2_31,950,39;	o2_30,989,39;	o2_23,1028,30;	o2_48,1058,41;	o2_7,1099,9;	o2_41,1108,28;	o2_45,1136,45;	o2_17,1181,28;	o2_0,1209,2;	o2_10,1211,25;	 
12,327; 
0,0; 
9,42; 
3,19; 

