**** 8 ****
40514,43888;
M1: idle1_M1,0,2;	maint4_M1,2,43;	o1_48,45,1;	o1_47,46,16;	o1_1,62,20;	o1_17,82,24;	o1_3,106,13;	maint1_M1,119,14;	o1_10,133,30;	maint2_M1,163,38;	o1_36,201,3;	o1_13,204,5;	o2_38,209,7;	o2_16,216,17;	maint6_M1,233,33;	o2_35,266,1;	o2_31,267,2;	o1_20,269,8;	o1_9,277,20;	maint8_M1,297,46;	o1_45,343,33;	idle2_M1,376,1;	maint10_M1,377,48;	o1_5,425,21;	idle3_M1,446,2;	maint0_M1,448,17;	idle4_M1,465,3;	maint11_M1,468,45;	o1_23,513,20;	o1_4,533,37;	idle5_M1,570,2;	maint7_M1,572,47;	o1_12,619,14;	idle6_M1,633,2;	maint9_M1,635,20;	o2_25,655,11;	o2_37,666,12;	o1_8,678,22;	o1_29,700,23;	o2_24,723,23;	o2_2,746,25;	o2_0,771,32;	o1_19,803,35;	o2_33,838,39;	maint3_M1,877,12;	o2_43,889,22;	o2_28,911,25;	o1_18,936,25;	o1_44,961,30;	o2_15,991,31;	o2_22,1022,32;	o1_11,1054,37;	o2_49,1091,37;	o1_32,1128,37;	o2_14,1165,40;	o2_21,1205,43;	o1_27,1248,44;	idle7_M1,1292,1;	maint5_M1,1293,36;	o2_39,1329,36;	o1_6,1365,40;	o1_7,1405,41;	o1_34,1446,43;	o1_41,1489,45;	o2_40,1534,45;	o2_30,1579,46;	o1_46,1625,46;	o1_26,1671,48;	o2_42,1719,48;	 
M2: idle1_M2,0,4;	o1_0,4,38;	o1_40,42,5;	o1_35,47,45;	o1_38,92,13;	o1_24,105,24;	o1_31,129,27;	o1_14,156,7;	o1_37,163,9;	o1_16,172,14;	o1_25,186,27;	o2_48,213,10;	o2_10,223,40;	o1_22,263,35;	o2_13,298,4;	o1_42,302,26;	o1_15,328,29;	o1_28,357,17;	o1_39,374,25;	o2_47,399,30;	o1_33,429,28;	idle2_M2,457,76;	o2_23,533,32;	o2_3,565,38;	o1_30,603,32;	o2_9,635,13;	o1_2,648,41;	o1_49,689,29;	o1_43,718,29;	o2_1,747,35;	o2_45,782,10;	o2_5,792,27;	o2_20,819,6;	o2_36,825,27;	o1_21,852,17;	o2_12,869,46;	o2_4,915,14;	o2_29,929,13;	o2_19,942,23;	o2_17,965,25;	o2_8,990,1;	idle3_M2,991,100;	o2_11,1091,19;	o2_44,1110,49;	o2_18,1159,39;	o2_32,1198,22;	idle4_M2,1220,499;	o2_26,1719,28;	o2_7,1747,38;	o2_27,1785,7;	o2_6,1792,11;	o2_41,1803,1;	o2_34,1804,1;	o2_46,1805,10;	 
12,399; 
0,0; 
7,13; 
4,679; 

