**** 9 ****
34660,36218;
M1: idle1_M1,0,9;	o1_15,9,45;	idle2_M1,54,1;	o1_21,55,4;	o1_37,59,1;	idle3_M1,60,2;	o1_38,62,10;	o1_32,72,1;	o1_25,73,3;	o1_0,76,4;	o2_10,80,13;	o1_39,93,20;	o1_7,113,38;	idle4_M1,151,5;	maint6_M1,156,12;	o1_26,168,10;	o2_1,178,20;	maint0_M1,198,14;	o2_29,212,44;	o1_19,256,45;	idle5_M1,301,5;	maint1_M1,306,7;	o2_13,313,9;	o2_35,322,11;	o1_23,333,15;	o1_43,348,15;	o2_16,363,16;	o1_42,379,21;	o1_48,400,35;	o1_14,435,46;	idle6_M1,481,1;	maint7_M1,482,32;	o1_2,514,38;	o2_44,552,47;	o1_33,599,48;	maint3_M1,647,25;	o2_45,672,22;	idle7_M1,694,2;	maint2_M1,696,39;	o2_36,735,9;	o1_11,744,12;	o1_3,756,15;	o2_22,771,14;	o1_27,785,21;	o1_47,806,28;	o1_6,834,34;	idle8_M1,868,9;	maint5_M1,877,16;	o2_31,893,25;	o2_46,918,27;	idle9_M1,945,3;	maint10_M1,948,37;	o2_17,985,25;	o1_12,1010,31;	o1_4,1041,39;	o1_28,1080,45;	idle10_M1,1125,3;	maint4_M1,1128,16;	idle11_M1,1144,20;	maint11_M1,1164,33;	o2_41,1197,22;	o1_9,1219,28;	o2_34,1247,30;	o2_18,1277,33;	idle12_M1,1310,1;	maint8_M1,1311,5;	idle13_M1,1316,7;	maint9_M1,1323,32;	o2_40,1355,35;	o2_5,1390,40;	o1_20,1430,40;	o2_49,1470,42;	o1_24,1512,44;	o1_30,1556,46;	o1_8,1602,45;	 
M2: idle1_M2,0,23;	o1_35,23,29;	idle2_M2,52,5;	o1_10,57,12;	o1_1,69,20;	o1_5,89,14;	o1_31,103,3;	o1_29,106,21;	o1_16,127,28;	o1_13,155,37;	o1_45,192,11;	o1_49,203,24;	o1_40,227,17;	o2_25,244,43;	o1_34,287,23;	o2_19,310,14;	o2_7,324,42;	o2_38,366,27;	o1_41,393,23;	o1_44,416,22;	o2_43,438,24;	o2_37,462,34;	o2_39,496,20;	o1_22,516,32;	o1_17,548,27;	o1_18,575,31;	o2_23,606,3;	o2_15,609,35;	o2_32,644,25;	o1_36,669,45;	o2_42,714,11;	o1_46,725,30;	idle3_M2,755,1;	o2_11,756,46;	o2_21,802,5;	o2_26,807,31;	o2_0,838,21;	o2_48,859,23;	o2_33,882,36;	o2_14,918,35;	o2_3,953,29;	o2_47,982,6;	idle4_M2,988,137;	o2_28,1125,2;	o2_27,1127,25;	o2_12,1152,23;	o2_2,1175,42;	idle5_M2,1217,30;	o2_9,1247,16;	o2_4,1263,40;	o2_6,1303,46;	idle6_M2,1349,121;	o2_20,1470,16;	idle7_M2,1486,70;	o2_24,1556,10;	idle8_M2,1566,81;	o2_8,1647,27;	o2_30,1674,20;	 
12,268; 
0,0; 
13,68; 
8,468; 

